==================== Run: 2026-03-14---17h50m59 ====================
CONFIGURATION:
  - Model: UNet
  - Hidden channels: [32, 64, 128, 256, 512]
  - Bilinear: True
  - Batch norm: True
  - Dropout: False
  - Sigmoid threshold: 0.3
  - Epochs: 50
  - Batch size: 32
  - Train ratio: 0.9
  - Optimizer: Adam
  - Scheduler: None
  - Learning rate: 0.001
  - Loss function: BCEWithLogitsLoss
  - pos_weight: 4.0
  - Patience: 5

RESULTS:
  - Best validation loss: 0.13136697
  - Best validation acc: 94.96315132
  - Best validation F1: 0.85160294
  - Best validation IoU: 0.74155793
====================================================================
==================== Run: 2026-03-14---18h04m01 ====================
CONFIGURATION:
  - Model: UNet
  - Hidden channels: [32, 64, 128, 256, 512]
  - Bilinear: True
  - Batch norm: True
  - Dropout: False
  - Sigmoid threshold: 0.3
  - Epochs: 70
  - Batch size: 32
  - Train ratio: 0.9
  - Optimizer: Adam
  - Scheduler: StepLR
  - Learning rate: 1.953125e-06
  - Loss function: BCEWithLogitsLoss
  - pos_weight: 4.0
  - Patience: 5

RESULTS:
  - Best validation loss: 0.17416801
  - Best validation acc: 93.60773119
  - Best validation F1: 0.85658467
  - Best validation IoU: 0.74914569
====================================================================
==================== Run: 2026-03-14---18h14m54 ====================
CONFIGURATION:
  - Model: UNet
  - Hidden channels: [32, 64, 128, 256, 512]
  - Bilinear: True
  - Batch norm: True
  - Dropout: False
  - Sigmoid threshold: 0.3
  - Epochs: 20
  - Batch size: 32
  - Train ratio: 0.9
  - Optimizer: Adam
  - Scheduler: StepLR
  - Learning rate: 0.00025
  - Loss function: BCEWithLogitsLoss
  - pos_weight: 4.0
  - Patience: 5

RESULTS:
  - Best validation loss: 0.19079514
  - Best validation acc: 92.11710267
  - Best validation F1: 0.81637328
  - Best validation IoU: 0.68972190
====================================================================
==================== Run: 2026-03-14---18h19m31 ====================
CONFIGURATION:
  - Model: UNet
  - Hidden channels: [32, 64, 128, 256, 512]
  - Bilinear: True
  - Batch norm: True
  - Dropout: False
  - Sigmoid threshold: 0.3
  - Epochs: 20
  - Batch size: 32
  - Train ratio: 0.9
  - Optimizer: Adam
  - Scheduler: StepLR
  - Learning rate: 6.25e-05
  - Loss function: BCEWithLogitsLoss
  - pos_weight: 4.0
  - Patience: 5

RESULTS:
  - Best validation loss: 0.17196178
  - Best validation acc: 94.33611854
  - Best validation F1: 0.85725906
  - Best validation IoU: 0.75017795
====================================================================
==================== Run: 2026-03-14---18h26m01 ====================
CONFIGURATION:
  - Model: UNet
  - Hidden channels: [32, 64, 128, 256, 512]
  - Bilinear: True
  - Batch norm: True
  - Dropout: False
  - Sigmoid threshold: 0.3
  - Epochs: 30
  - Batch size: 32
  - Train ratio: 0.9
  - Optimizer: Adam
  - Scheduler: StepLR
  - Learning rate: 3.125e-05
  - Loss function: BCEWithLogitsLoss
  - pos_weight: 4.0
  - Patience: 5

RESULTS:
  - Best validation loss: 0.16016401
  - Best validation acc: 94.10524530
  - Best validation F1: 0.84153641
  - Best validation IoU: 0.72642457
====================================================================
==================== Run: 2026-03-14---18h33m33 ====================
CONFIGURATION:
  - Model: UNet
  - Hidden channels: [32, 64, 128, 256, 512]
  - Bilinear: True
  - Batch norm: True
  - Dropout: False
  - Sigmoid threshold: 0.3
  - Epochs: 30
  - Batch size: 32
  - Train ratio: 0.9
  - Optimizer: Adam
  - Scheduler: StepLR
  - Learning rate: 0.000125
  - Loss function: BCEWithLogitsLoss
  - pos_weight: 4.0
  - Patience: 5

RESULTS:
  - Best validation loss: 0.13241397
  - Best validation acc: 94.98880677
  - Best validation F1: 0.84548473
  - Best validation IoU: 0.73232876
====================================================================
==================== Run: 2026-03-14---18h42m33 ====================
CONFIGURATION:
  - Model: UNet
  - Hidden channels: [32, 64, 128, 256, 512]
  - Bilinear: False
  - Batch norm: True
  - Dropout: False
  - Sigmoid threshold: 0.3
  - Epochs: 30
  - Batch size: 32
  - Train ratio: 0.9
  - Optimizer: Adam
  - Scheduler: None
  - Learning rate: 0.001
  - Loss function: BCEWithLogitsLoss
  - pos_weight: 4.0
  - Patience: 5

RESULTS:
  - Early stopping: 1.00000000
  - Best validation loss: 0.16126186
  - Best validation acc: 94.23489328
  - Best validation F1: 0.85177706
  - Best validation Jaccard Index: 0.74182202
====================================================================
==================== Run: 2026-03-14---18h48m41 ====================
CONFIGURATION:
  - Model: UNet
  - Hidden channels: [32, 64, 128, 256, 512]
  - Bilinear: False
  - Batch norm: True
  - Dropout: False
  - Sigmoid threshold: 0.3
  - Epochs: 30
  - Batch size: 32
  - Train ratio: 0.9
  - Optimizer: Adam
  - Scheduler: None
  - Learning rate: 0.001
  - Loss function: BCEWithLogitsLoss
  - pos_weight: 4.0
  - Patience: 5

RESULTS:
  - Early stopping: 1.00000000
  - Best validation loss: 0.15904994
  - Best validation acc: 94.27389371
  - Best validation F1: 0.83638301
  - Best validation Jaccard Index: 0.71877862
====================================================================
==================== Run: 2026-03-14---18h53m48 ====================
CONFIGURATION:
  - Model: UNet
  - Hidden channels: [32, 64, 128, 256, 512]
  - Bilinear: False
  - Batch norm: True
  - Dropout: False
  - Sigmoid threshold: 0.3
  - Epochs: 30
  - Batch size: 32
  - Train ratio: 0.9
  - Optimizer: Adam
  - Scheduler: None
  - Learning rate: 0.0001
  - Loss function: BCEWithLogitsLoss
  - pos_weight: 4.0
  - Patience: 5

RESULTS:
  - Early stopping: 0.00000000
  - Best validation loss: 0.18359454
  - Best validation acc: 93.72359454
  - Best validation F1: 0.83806415
  - Best validation Jaccard Index: 0.72126542
====================================================================
==================== Run: 2026-03-14---19h07m45 ====================
CONFIGURATION:
  - Model: UNet
  - Hidden channels: [32, 64, 128, 256, 512]
  - Bilinear: False
  - Batch norm: True
  - Dropout: False
  - Sigmoid threshold: 0.3
  - Epochs: 30
  - Batch size: 32
  - Train ratio: 0.9
  - Optimizer: Adam
  - Scheduler: None
  - Learning rate: 0.0001
  - Loss function: BCEWithLogitsLoss
  - pos_weight: 4.0
  - Patience: 5

RESULTS:
  - Early stopping: 1.00000000
  - Best validation loss: 0.15161395
  - Best validation acc: 95.01094495
  - Best validation F1: 0.87491425
  - Best validation Jaccard Index: 0.77764228
====================================================================
